This is pdfTeX, Version 3.141592653-2.6-1.40.25 (TeX Live 2023) (preloaded format=pdflatex 2023.5.20)  18 MAR 2025 00:30
entering extended mode
 restricted \write18 enabled.
 file:line:error style messages enabled.
 %&-line parsing enabled.
**_BUI_MathThesis_2021.tex
(./_BUI_MathThesis_2021.tex
LaTeX2e <2022-11-01> patch level 1
L3 programming layer <2023-02-22>
(/usr/local/texlive/2023/texmf-dist/tex/latex/base/book.cls
Document Class: book 2022/07/02 v1.4n Standard LaTeX document class
(/usr/local/texlive/2023/texmf-dist/tex/latex/base/bk11.clo
File: bk11.clo 2022/07/02 v1.4n Standard LaTeX file (size option)
)
\c@part=\count185
\c@chapter=\count186
\c@section=\count187
\c@subsection=\count188
\c@subsubsection=\count189
\c@paragraph=\count190
\c@subparagraph=\count191
\c@figure=\count192
\c@table=\count193
\abovecaptionskip=\skip48
\belowcaptionskip=\skip49
\bibindent=\dimen140
)
(/usr/local/texlive/2023/texmf-dist/tex/latex/geometry/geometry.sty
Package: geometry 2020/01/02 v5.9 Page Geometry

(/usr/local/texlive/2023/texmf-dist/tex/latex/graphics/keyval.sty
Package: keyval 2022/05/29 v1.15 key=value parser (DPC)
\KV@toks@=\toks16
)
(/usr/local/texlive/2023/texmf-dist/tex/generic/iftex/ifvtex.sty
Package: ifvtex 2019/10/25 v1.7 ifvtex legacy package. Use iftex instead.

(/usr/local/texlive/2023/texmf-dist/tex/generic/iftex/iftex.sty
Package: iftex 2022/02/03 v1.0f TeX engine tests
))
\Gm@cnth=\count194
\Gm@cntv=\count195
\c@Gm@tempcnt=\count196
\Gm@bindingoffset=\dimen141
\Gm@wd@mp=\dimen142
\Gm@odd@mp=\dimen143
\Gm@even@mp=\dimen144
\Gm@layoutwidth=\dimen145
\Gm@layoutheight=\dimen146
\Gm@layouthoffset=\dimen147
\Gm@layoutvoffset=\dimen148
\Gm@dimlist=\toks17
)
(/usr/local/texlive/2023/texmf-dist/tex/latex/graphics/graphicx.sty
Package: graphicx 2021/09/16 v1.2d Enhanced LaTeX Graphics (DPC,SPQR)

(/usr/local/texlive/2023/texmf-dist/tex/latex/graphics/graphics.sty
Package: graphics 2022/03/10 v1.4e Standard LaTeX Graphics (DPC,SPQR)

(/usr/local/texlive/2023/texmf-dist/tex/latex/graphics/trig.sty
Package: trig 2021/08/11 v1.11 sin cos tan (DPC)
)
(/usr/local/texlive/2023/texmf-dist/tex/latex/graphics-cfg/graphics.cfg
File: graphics.cfg 2016/06/04 v1.11 sample graphics configuration
)
Package graphics Info: Driver file: pdftex.def on input line 107.

(/usr/local/texlive/2023/texmf-dist/tex/latex/graphics-def/pdftex.def
File: pdftex.def 2022/09/22 v1.2b Graphics/color driver for pdftex
))
\Gin@req@height=\dimen149
\Gin@req@width=\dimen150
)
(/usr/local/texlive/2023/texmf-dist/tex/latex/caption/caption.sty
Package: caption 2023/03/12 v3.6j Customizing captions (AR)

(/usr/local/texlive/2023/texmf-dist/tex/latex/caption/caption3.sty
Package: caption3 2023/03/12 v2.4 caption3 kernel (AR)
\caption@tempdima=\dimen151
\captionmargin=\dimen152
\caption@leftmargin=\dimen153
\caption@rightmargin=\dimen154
\caption@width=\dimen155
\caption@indent=\dimen156
\caption@parindent=\dimen157
\caption@hangindent=\dimen158
Package caption Info: Standard document class detected.
)
\c@caption@flags=\count197
\c@continuedfloat=\count198
)
(/usr/local/texlive/2023/texmf-dist/tex/latex/comment/comment.sty
\CommentStream=\write3

Excluding comment 'comment')
(/usr/local/texlive/2023/texmf-dist/tex/latex/psnfss/palatino.sty
Package: palatino 2020/03/25 PSNFSS-v9.3 (SPQR) 
)
(/usr/local/texlive/2023/texmf-dist/tex/latex/amsmath/amsmath.sty
Package: amsmath 2022/04/08 v2.17n AMS math features
\@mathmargin=\skip50

For additional information on amsmath, use the `?' option.
(/usr/local/texlive/2023/texmf-dist/tex/latex/amsmath/amstext.sty
Package: amstext 2021/08/26 v2.01 AMS text

(/usr/local/texlive/2023/texmf-dist/tex/latex/amsmath/amsgen.sty
File: amsgen.sty 1999/11/30 v2.0 generic functions
\@emptytoks=\toks18
\ex@=\dimen159
))
(/usr/local/texlive/2023/texmf-dist/tex/latex/amsmath/amsbsy.sty
Package: amsbsy 1999/11/29 v1.2d Bold Symbols
\pmbraise@=\dimen160
)
(/usr/local/texlive/2023/texmf-dist/tex/latex/amsmath/amsopn.sty
Package: amsopn 2022/04/08 v2.04 operator names
)
\inf@bad=\count199
LaTeX Info: Redefining \frac on input line 234.
\uproot@=\count266
\leftroot@=\count267
LaTeX Info: Redefining \overline on input line 399.
LaTeX Info: Redefining \colon on input line 410.
\classnum@=\count268
\DOTSCASE@=\count269
LaTeX Info: Redefining \ldots on input line 496.
LaTeX Info: Redefining \dots on input line 499.
LaTeX Info: Redefining \cdots on input line 620.
\Mathstrutbox@=\box51
\strutbox@=\box52
LaTeX Info: Redefining \big on input line 722.
LaTeX Info: Redefining \Big on input line 723.
LaTeX Info: Redefining \bigg on input line 724.
LaTeX Info: Redefining \Bigg on input line 725.
\big@size=\dimen161
LaTeX Font Info:    Redeclaring font encoding OML on input line 743.
LaTeX Font Info:    Redeclaring font encoding OMS on input line 744.
\macc@depth=\count270
LaTeX Info: Redefining \bmod on input line 905.
LaTeX Info: Redefining \pmod on input line 910.
LaTeX Info: Redefining \smash on input line 940.
LaTeX Info: Redefining \relbar on input line 970.
LaTeX Info: Redefining \Relbar on input line 971.
\c@MaxMatrixCols=\count271
\dotsspace@=\muskip16
\c@parentequation=\count272
\dspbrk@lvl=\count273
\tag@help=\toks19
\row@=\count274
\column@=\count275
\maxfields@=\count276
\andhelp@=\toks20
\eqnshift@=\dimen162
\alignsep@=\dimen163
\tagshift@=\dimen164
\tagwidth@=\dimen165
\totwidth@=\dimen166
\lineht@=\dimen167
\@envbody=\toks21
\multlinegap=\skip51
\multlinetaggap=\skip52
\mathdisplay@stack=\toks22
LaTeX Info: Redefining \[ on input line 2953.
LaTeX Info: Redefining \] on input line 2954.
)
(/usr/local/texlive/2023/texmf-dist/tex/latex/amscls/amsthm.sty
Package: amsthm 2020/05/29 v2.20.6
\thm@style=\toks23
\thm@bodyfont=\toks24
\thm@headfont=\toks25
\thm@notefont=\toks26
\thm@headpunct=\toks27
\thm@preskip=\skip53
\thm@postskip=\skip54
\thm@headsep=\skip55
\dth@everypar=\toks28
)
(/usr/local/texlive/2023/texmf-dist/tex/latex/base/latexsym.sty
Package: latexsym 1998/08/17 v2.2e Standard LaTeX package (lasy symbols)
\symlasy=\mathgroup4
LaTeX Font Info:    Overwriting symbol font `lasy' in version `bold'
(Font)                  U/lasy/m/n --> U/lasy/b/n on input line 52.
)
(/usr/local/texlive/2023/texmf-dist/tex/latex/amsfonts/amssymb.sty
Package: amssymb 2013/01/14 v3.01 AMS font symbols

(/usr/local/texlive/2023/texmf-dist/tex/latex/amsfonts/amsfonts.sty
Package: amsfonts 2013/01/14 v3.01 Basic AMSFonts support
\symAMSa=\mathgroup5
\symAMSb=\mathgroup6
LaTeX Font Info:    Redeclaring math symbol \hbar on input line 98.
LaTeX Font Info:    Overwriting math alphabet `\mathfrak' in version `bold'
(Font)                  U/euf/m/n --> U/euf/b/n on input line 106.
))
(/usr/local/texlive/2023/texmf-dist/tex/latex/graphics/color.sty
Package: color 2022/01/06 v1.3d Standard LaTeX Color (DPC)

(/usr/local/texlive/2023/texmf-dist/tex/latex/graphics-cfg/color.cfg
File: color.cfg 2016/01/02 v1.6 sample color configuration
)
Package color Info: Driver file: pdftex.def on input line 149.

(/usr/local/texlive/2023/texmf-dist/tex/latex/graphics/mathcolor.ltx))
(/usr/local/texlive/2023/texmf-dist/tex/latex/cite/cite.sty
LaTeX Info: Redefining \cite on input line 302.
LaTeX Info: Redefining \nocite on input line 332.
Package: cite 2015/02/27  v 5.5
)
(/usr/local/texlive/2023/texmf-dist/tex/latex/tools/enumerate.sty
Package: enumerate 2015/07/23 v3.00 enumerate extensions (DPC)
\@enLab=\toks29
)
(/usr/local/texlive/2023/texmf-dist/tex/latex/physics/physics.sty
Package: physics 

(/usr/local/texlive/2023/texmf-dist/tex/latex/l3packages/xparse/xparse.sty
(/usr/local/texlive/2023/texmf-dist/tex/latex/l3kernel/expl3.sty
Package: expl3 2023-02-22 L3 programming layer (loader) 

(/usr/local/texlive/2023/texmf-dist/tex/latex/l3backend/l3backend-pdftex.def
File: l3backend-pdftex.def 2023-01-16 L3 backend support: PDF output (pdfTeX)
\l__color_backend_stack_int=\count277
\l__pdf_internal_box=\box53
))
Package: xparse 2023-02-02 L3 Experimental document command parser
)) (/usr/local/texlive/2023/texmf-dist/tex/latex/framed/framed.sty
Package: framed 2011/10/22 v 0.96: framed or shaded text with page breaks
\OuterFrameSep=\skip56
\fb@frw=\dimen168
\fb@frh=\dimen169
\FrameRule=\dimen170
\FrameSep=\dimen171
)
(/usr/local/texlive/2023/texmf-dist/tex/latex/lipsum/lipsum.sty
(/usr/local/texlive/2023/texmf-dist/tex/latex/l3packages/l3keys2e/l3keys2e.sty
Package: l3keys2e 2023-02-02 LaTeX2e option processing using LaTeX3 keys
)
Package: lipsum 2021-09-20 v2.7 150 paragraphs of Lorem Ipsum dummy text
\g__lipsum_par_int=\count278
\l__lipsum_a_int=\count279
\l__lipsum_b_int=\count280
(/usr/local/texlive/2023/texmf-dist/tex/latex/lipsum/lipsum.ltd.tex))
(/usr/local/texlive/2023/texmf-dist/tex/latex/caption/subcaption.sty
Package: subcaption 2023/02/19 v1.6 Sub-captions (AR)
Package caption Info: New subtype `subfigure' on input line 239.
\c@subfigure=\count281
Package caption Info: New subtype `subtable' on input line 239.
\c@subtable=\count282
)
(/usr/local/texlive/2023/texmf-dist/tex/latex/tools/verbatim.sty
Package: verbatim 2022-07-02 v1.5u LaTeX2e package for verbatim enhancements
\every@verbatim=\toks30
\verbatim@line=\toks31
\verbatim@in@stream=\read2
)
(/usr/local/texlive/2023/texmf-dist/tex/latex/mathtools/empheq.sty
Package: empheq 2017/03/31 v2.15 Emphasizing equations

(/usr/local/texlive/2023/texmf-dist/tex/latex/mathtools/mhsetup.sty
Package: mhsetup 2021/03/18 v1.4 programming setup (MH)
)
(/usr/local/texlive/2023/texmf-dist/tex/latex/mathtools/mathtools.sty
Package: mathtools 2022/06/29 v1.29 mathematical typesetting tools

(/usr/local/texlive/2023/texmf-dist/tex/latex/tools/calc.sty
Package: calc 2017/05/25 v4.3 Infix arithmetic (KKT,FJ)
\calc@Acount=\count283
\calc@Bcount=\count284
\calc@Adimen=\dimen172
\calc@Bdimen=\dimen173
\calc@Askip=\skip57
\calc@Bskip=\skip58
LaTeX Info: Redefining \setlength on input line 80.
LaTeX Info: Redefining \addtolength on input line 81.
\calc@Ccount=\count285
\calc@Cskip=\skip59
)
\g_MT_multlinerow_int=\count286
\l_MT_multwidth_dim=\dimen174
\origjot=\skip60
\l_MT_shortvdotswithinadjustabove_dim=\dimen175
\l_MT_shortvdotswithinadjustbelow_dim=\dimen176
\l_MT_above_intertext_sep=\dimen177
\l_MT_below_intertext_sep=\dimen178
\l_MT_above_shortintertext_sep=\dimen179
\l_MT_below_shortintertext_sep=\dimen180
\xmathstrut@box=\box54
\xmathstrut@dim=\dimen181
)
\l_EQ_equationtype_int=\count287
\l_EQ_alignmentmode_int=\count288
\l_EQ_totalwidth_dim=\dimen182
\l_EQ_displaywidth_dim=\dimen183
\l_EQ_temp_linewidth_dim=\dimen184
\l_EQ_linewidth_dim=\dimen185
\EmphEqdelimitershortfall=\dimen186
\EmphEqdelimiterfactor=\count289
\g_EQ_toptag_height_dim=\dimen187
\g_EQ_bottomtag_depth_dim=\dimen188
\g_EQ_toprow_height_dim=\dimen189
\g_EQ_bottomrow_depth_dim=\dimen190
\g_EQ_widesttag_dim=\dimen191
\EQ_mathdisplay_box=\box55
\EQ_tag_box=\box56
\g_EQ_temprow_int=\count290
)
(/usr/local/texlive/2023/texmf-dist/tex/latex/cancel/cancel.sty
Package: cancel 2013/04/12 v2.2 Cancel math terms
)
(/usr/local/texlive/2023/texmf-dist/tex/latex/enumitem/enumitem.sty
Package: enumitem 2019/06/20 v3.9 Customized lists
\labelindent=\skip61
\enit@outerparindent=\dimen192
\enit@toks=\toks32
\enit@inbox=\box57
\enit@count@id=\count291
\enitdp@description=\count292
)
(/usr/local/texlive/2023/texmf-dist/tex/generic/soul/soul.sty
Package: soul 2023-02-18 v3.0 Permit use of UTF-8 characters in soul (HO)

(/usr/local/texlive/2023/texmf-dist/tex/generic/soul/soul-ori.sty
Package: soul-ori 2023-02-18 v3.0 letterspacing/underlining (mf)
\SOUL@word=\toks33
\SOUL@lasttoken=\toks34
\SOUL@syllable=\toks35
\SOUL@cmds=\toks36
\SOUL@buffer=\toks37
\SOUL@token=\toks38
\SOUL@syllgoal=\dimen193
\SOUL@syllwidth=\dimen194
\SOUL@charkern=\dimen195
\SOUL@hyphkern=\dimen196
\SOUL@dimen=\dimen197
\SOUL@dimeni=\dimen198
\SOUL@minus=\count293
\SOUL@comma=\count294
\SOUL@apo=\count295
\SOUL@grave=\count296
\SOUL@spaceskip=\skip62
\SOUL@ttwidth=\dimen199
\SOUL@uldp=\dimen256
\SOUL@ulht=\dimen257
)
(/usr/local/texlive/2023/texmf-dist/tex/generic/infwarerr/infwarerr.sty
Package: infwarerr 2019/12/03 v1.5 Providing info/warning/error messages (HO)
)
(/usr/local/texlive/2023/texmf-dist/tex/generic/etexcmds/etexcmds.sty
Package: etexcmds 2019/12/15 v1.7 Avoid name clashes with e-TeX commands (HO)
))
\c@theorem=\count297
\c@remark=\count298
\c@examplex=\count299

(/usr/local/texlive/2023/texmf-dist/tex/latex/hyperref/hyperref.sty
Package: hyperref 2023-02-07 v7.00v Hypertext links for LaTeX

(/usr/local/texlive/2023/texmf-dist/tex/generic/ltxcmds/ltxcmds.sty
Package: ltxcmds 2020-05-10 v1.25 LaTeX kernel commands for general use (HO)
)
(/usr/local/texlive/2023/texmf-dist/tex/generic/pdftexcmds/pdftexcmds.sty
Package: pdftexcmds 2020-06-27 v0.33 Utility functions of pdfTeX for LuaTeX (HO
)
Package pdftexcmds Info: \pdf@primitive is available.
Package pdftexcmds Info: \pdf@ifprimitive is available.
Package pdftexcmds Info: \pdfdraftmode found.
)
(/usr/local/texlive/2023/texmf-dist/tex/latex/kvsetkeys/kvsetkeys.sty
Package: kvsetkeys 2022-10-05 v1.19 Key value parser (HO)
)
(/usr/local/texlive/2023/texmf-dist/tex/generic/kvdefinekeys/kvdefinekeys.sty
Package: kvdefinekeys 2019-12-19 v1.6 Define keys (HO)
)
(/usr/local/texlive/2023/texmf-dist/tex/generic/pdfescape/pdfescape.sty
Package: pdfescape 2019/12/09 v1.15 Implements pdfTeX's escape features (HO)
)
(/usr/local/texlive/2023/texmf-dist/tex/latex/hycolor/hycolor.sty
Package: hycolor 2020-01-27 v1.10 Color options for hyperref/bookmark (HO)
)
(/usr/local/texlive/2023/texmf-dist/tex/latex/letltxmacro/letltxmacro.sty
Package: letltxmacro 2019/12/03 v1.6 Let assignment for LaTeX macros (HO)
)
(/usr/local/texlive/2023/texmf-dist/tex/latex/auxhook/auxhook.sty
Package: auxhook 2019-12-17 v1.6 Hooks for auxiliary files (HO)
)
(/usr/local/texlive/2023/texmf-dist/tex/latex/hyperref/nameref.sty
Package: nameref 2022-05-17 v2.50 Cross-referencing by name of section

(/usr/local/texlive/2023/texmf-dist/tex/latex/refcount/refcount.sty
Package: refcount 2019/12/15 v3.6 Data extraction from label references (HO)
)
(/usr/local/texlive/2023/texmf-dist/tex/generic/gettitlestring/gettitlestring.s
ty
Package: gettitlestring 2019/12/15 v1.6 Cleanup title references (HO)
 (/usr/local/texlive/2023/texmf-dist/tex/latex/kvoptions/kvoptions.sty
Package: kvoptions 2022-06-15 v3.15 Key value format for package options (HO)
))
\c@section@level=\count300
)
\@linkdim=\dimen258
\Hy@linkcounter=\count301
\Hy@pagecounter=\count302

(/usr/local/texlive/2023/texmf-dist/tex/latex/hyperref/pd1enc.def
File: pd1enc.def 2023-02-07 v7.00v Hyperref: PDFDocEncoding definition (HO)
Now handling font encoding PD1 ...
... no UTF-8 mapping file for font encoding PD1
)
(/usr/local/texlive/2023/texmf-dist/tex/generic/intcalc/intcalc.sty
Package: intcalc 2019/12/15 v1.3 Expandable calculations with integers (HO)
)
\Hy@SavedSpaceFactor=\count303

(/usr/local/texlive/2023/texmf-dist/tex/latex/hyperref/puenc.def
File: puenc.def 2023-02-07 v7.00v Hyperref: PDF Unicode definition (HO)
Now handling font encoding PU ...
... no UTF-8 mapping file for font encoding PU
)
Package hyperref Info: Hyper figures OFF on input line 4177.
Package hyperref Info: Link nesting OFF on input line 4182.
Package hyperref Info: Hyper index ON on input line 4185.
Package hyperref Info: Plain pages OFF on input line 4192.
Package hyperref Info: Backreferencing OFF on input line 4197.
Package hyperref Info: Implicit mode ON; LaTeX internals redefined.
Package hyperref Info: Bookmarks ON on input line 4425.
\c@Hy@tempcnt=\count304

(/usr/local/texlive/2023/texmf-dist/tex/latex/url/url.sty
\Urlmuskip=\muskip17
Package: url 2013/09/16  ver 3.4  Verb mode for urls, etc.
)
LaTeX Info: Redefining \url on input line 4763.
\XeTeXLinkMargin=\dimen259

(/usr/local/texlive/2023/texmf-dist/tex/generic/bitset/bitset.sty
Package: bitset 2019/12/09 v1.3 Handle bit-vector datatype (HO)

(/usr/local/texlive/2023/texmf-dist/tex/generic/bigintcalc/bigintcalc.sty
Package: bigintcalc 2019/12/15 v1.5 Expandable calculations on big integers (HO
)
))
\Fld@menulength=\count305
\Field@Width=\dimen260
\Fld@charsize=\dimen261
Package hyperref Info: Hyper figures OFF on input line 6042.
Package hyperref Info: Link nesting OFF on input line 6047.
Package hyperref Info: Hyper index ON on input line 6050.
Package hyperref Info: backreferencing OFF on input line 6057.
Package hyperref Info: Link coloring OFF on input line 6062.
Package hyperref Info: Link coloring with OCG OFF on input line 6067.
Package hyperref Info: PDF/A mode OFF on input line 6072.

(/usr/local/texlive/2023/texmf-dist/tex/latex/base/atbegshi-ltx.sty
Package: atbegshi-ltx 2021/01/10 v1.0c Emulation of the original atbegshi
package with kernel methods
)
\Hy@abspage=\count306
\c@Item=\count307
\c@Hfootnote=\count308
)
Package hyperref Info: Driver (autodetected): hpdftex.

(/usr/local/texlive/2023/texmf-dist/tex/latex/hyperref/hpdftex.def
File: hpdftex.def 2023-02-07 v7.00v Hyperref driver for pdfTeX

(/usr/local/texlive/2023/texmf-dist/tex/latex/base/atveryend-ltx.sty
Package: atveryend-ltx 2020/08/19 v1.0a Emulation of the original atveryend pac
kage
with kernel methods
)
\Fld@listcount=\count309
\c@bookmark@seq@number=\count310

(/usr/local/texlive/2023/texmf-dist/tex/latex/rerunfilecheck/rerunfilecheck.sty
Package: rerunfilecheck 2022-07-10 v1.10 Rerun checks for auxiliary files (HO)

(/usr/local/texlive/2023/texmf-dist/tex/generic/uniquecounter/uniquecounter.sty
Package: uniquecounter 2019/12/15 v1.4 Provide unlimited unique counter (HO)
)
Package uniquecounter Info: New unique counter `rerunfilecheck' on input line 2
85.
)
\Hy@SectionHShift=\skip63
) (/usr/local/texlive/2023/texmf-dist/tex/latex/tensor/tensor.sty
Package: tensor 2004/12/20 v2.1 tensor indices package (PGR)
\tnsr@Sps=\toks39
\tnsr@Sbs=\toks40
\tnsr@Spe=\toks41
\tnsr@Sbe=\toks42
\ncld@Mno=\toks43
)
(/usr/local/texlive/2023/texmf-dist/tex/latex/xcolor/xcolor.sty
Package: xcolor 2022/06/12 v2.14 LaTeX color extensions (UK)

(/usr/local/texlive/2023/texmf-dist/tex/latex/graphics-cfg/color.cfg
File: color.cfg 2016/01/02 v1.6 sample color configuration
)
Package xcolor Info: Driver file: pdftex.def on input line 227.
LaTeX Info: Redefining \color on input line 711.

(/usr/local/texlive/2023/texmf-dist/tex/latex/graphics/mathcolor.ltx)
Package xcolor Info: Model `cmy' substituted by `cmy0' on input line 1353.
Package xcolor Info: Model `hsb' substituted by `rgb' on input line 1357.
Package xcolor Info: Model `RGB' extended on input line 1369.
Package xcolor Info: Model `HTML' substituted by `rgb' on input line 1371.
Package xcolor Info: Model `Hsb' substituted by `hsb' on input line 1372.
Package xcolor Info: Model `tHsb' substituted by `hsb' on input line 1373.
Package xcolor Info: Model `HSB' substituted by `hsb' on input line 1374.
Package xcolor Info: Model `Gray' substituted by `gray' on input line 1375.
Package xcolor Info: Model `wave' substituted by `hsb' on input line 1376.
)
Package hyperref Info: Option `colorlinks' set `true' on input line 71.
LaTeX Font Info:    Trying to load font information for OT1+ppl on input line 1
02.

(/usr/local/texlive/2023/texmf-dist/tex/latex/psnfss/ot1ppl.fd
File: ot1ppl.fd 2001/06/04 font definitions for OT1/ppl.
)

LaTeX Warning: Unused global option(s):
    [letter].

(./_BUI_MathThesis_2021.aux)
\openout1 = `_BUI_MathThesis_2021.aux'.

LaTeX Font Info:    Checking defaults for OML/cmm/m/it on input line 102.
LaTeX Font Info:    ... okay on input line 102.
LaTeX Font Info:    Checking defaults for OMS/cmsy/m/n on input line 102.
LaTeX Font Info:    ... okay on input line 102.
LaTeX Font Info:    Checking defaults for OT1/cmr/m/n on input line 102.
LaTeX Font Info:    ... okay on input line 102.
LaTeX Font Info:    Checking defaults for T1/cmr/m/n on input line 102.
LaTeX Font Info:    ... okay on input line 102.
LaTeX Font Info:    Checking defaults for TS1/cmr/m/n on input line 102.
LaTeX Font Info:    ... okay on input line 102.
LaTeX Font Info:    Checking defaults for OMX/cmex/m/n on input line 102.
LaTeX Font Info:    ... okay on input line 102.
LaTeX Font Info:    Checking defaults for U/cmr/m/n on input line 102.
LaTeX Font Info:    ... okay on input line 102.
LaTeX Font Info:    Checking defaults for PD1/pdf/m/n on input line 102.
LaTeX Font Info:    ... okay on input line 102.
LaTeX Font Info:    Checking defaults for PU/pdf/m/n on input line 102.
LaTeX Font Info:    ... okay on input line 102.

*geometry* driver: auto-detecting
*geometry* detected driver: pdftex
*geometry* verbose mode - [ preamble ] result:
* driver: pdftex
* paper: <default>
* layout: <same size as paper>
* layoutoffset:(h,v)=(0.0pt,0.0pt)
* modes: twoside 
* h-part:(L,W,R)=(72.26999pt, 469.75502pt, 72.26999pt)
* v-part:(T,H,B)=(72.26999pt, 650.43001pt, 72.26999pt)
* \paperwidth=614.295pt
* \paperheight=794.96999pt
* \textwidth=469.75502pt
* \textheight=650.43001pt
* \oddsidemargin=0.0pt
* \evensidemargin=0.0pt
* \topmargin=-31.8738pt
* \headheight=12.0pt
* \headsep=19.8738pt
* \topskip=11.0pt
* \footskip=27.46295pt
* \marginparwidth=116.0pt
* \marginparsep=7.0pt
* \columnsep=10.0pt
* \skip\footins=10.0pt plus 4.0pt minus 2.0pt
* \hoffset=0.0pt
* \voffset=0.0pt
* \mag=1000
* \@twocolumnfalse
* \@twosidetrue
* \@mparswitchtrue
* \@reversemarginfalse
* (1in=72.27pt=25.4mm, 1cm=28.453pt)

(/usr/local/texlive/2023/texmf-dist/tex/context/base/mkii/supp-pdf.mkii
[Loading MPS to PDF converter (version 2006.09.02).]
\scratchcounter=\count311
\scratchdimen=\dimen262
\scratchbox=\box58
\nofMPsegments=\count312
\nofMParguments=\count313
\everyMPshowfont=\toks44
\MPscratchCnt=\count314
\MPscratchDim=\dimen263
\MPnumerator=\count315
\makeMPintoPDFobject=\count316
\everyMPtoPDFconversion=\toks45
) (/usr/local/texlive/2023/texmf-dist/tex/latex/epstopdf-pkg/epstopdf-base.sty
Package: epstopdf-base 2020-01-24 v2.11 Base part for package epstopdf
Package epstopdf-base Info: Redefining graphics rule for `.eps' on input line 4
85.

(/usr/local/texlive/2023/texmf-dist/tex/latex/latexconfig/epstopdf-sys.cfg
File: epstopdf-sys.cfg 2010/07/13 v1.3 Configuration of (r)epstopdf for TeX Liv
e
))
Package caption Info: Begin \AtBeginDocument code.
Package caption Info: hyperref package is loaded.
Package caption Info: End \AtBeginDocument code.
Package hyperref Info: Link coloring ON on input line 102.

(./_BUI_MathThesis_2021.out) (./_BUI_MathThesis_2021.out)
\@outlinefile=\write4
\openout4 = `_BUI_MathThesis_2021.out'.

LaTeX Font Info:    Trying to load font information for U+lasy on input line 11
0.

(/usr/local/texlive/2023/texmf-dist/tex/latex/base/ulasy.fd
File: ulasy.fd 1998/08/17 v2.2e LaTeX symbol font definitions
)
LaTeX Font Info:    Trying to load font information for U+msa on input line 110
.

(/usr/local/texlive/2023/texmf-dist/tex/latex/amsfonts/umsa.fd
File: umsa.fd 2013/01/14 v3.01 AMS symbols A
)
LaTeX Font Info:    Trying to load font information for U+msb on input line 110
.

(/usr/local/texlive/2023/texmf-dist/tex/latex/amsfonts/umsb.fd
File: umsb.fd 2013/01/14 v3.01 AMS symbols B
) [1

{/usr/local/texlive/2023/texmf-var/fonts/map/pdftex/updmap/pdftex.map}{/usr/loc
al/texlive/2023/texmf-dist/fonts/enc/dvips/base/8r.enc}] [2] [3] [4

]
(./_BUI_MathThesis_2021.toc)
\tf@toc=\write5
\openout5 = `_BUI_MathThesis_2021.toc'.

 [5] [6

]
Chapter 1.

LaTeX Warning: Reference `thm:BestIntegrationFormula' on page 7 undefined on in
put line 153.


LaTeX Warning: Reference `thm:ConvolutionPowerEstimate' on page 7 undefined on 
input line 153.


LaTeX Warning: Citation `stein_real_2009' on page 7 undefined on input line 168
.


LaTeX Warning: Citation `folland_real_2013' on page 7 undefined on input line 1
68.


LaTeX Warning: Citation `baker_integration_1997' on page 7 undefined on input l
ine 168.


LaTeX Warning: Citation `folland_how_2001' on page 7 undefined on input line 16
8.


Underfull \hbox (badness 10000) in paragraph at lines 167--169

 []


LaTeX Warning: Reference `thm:ConvolutionPowerEstimate' on page 7 undefined on 
input line 173.


Underfull \hbox (badness 10000) in paragraph at lines 173--174

 []

[7]
Underfull \hbox (badness 10000) in paragraph at lines 192--194

 []

[8]
Package epstopdf Info: Source file: <convolve_11.eps>
(epstopdf)                    date: 2021-05-17 22:38:46
(epstopdf)                    size: 100667 bytes
(epstopdf)             Output file: <convolve_11-eps-converted-to.pdf>
(epstopdf)                    date: 2025-03-18 00:05:25
(epstopdf)                    size: 98194 bytes
(epstopdf)             Command: <repstopdf --outfile=convolve_11-eps-converted-
to.pdf convolve_11.eps>
(epstopdf)             \includegraphics on input line 240.
Package epstopdf Info: Output file is already uptodate.
<convolve_11-eps-converted-to.pdf, id=108, 421.575pt x 316.18124pt>
File: convolve_11-eps-converted-to.pdf Graphic file (type pdf)
<use convolve_11-eps-converted-to.pdf>
Package pdftex.def Info: convolve_11-eps-converted-to.pdf  used on input line 2
40.
(pdftex.def)             Requested size: 227.6471pt x 170.73532pt.
Package epstopdf Info: Source file: <convolve_22.eps>
(epstopdf)                    date: 2021-05-17 22:38:46
(epstopdf)                    size: 300756 bytes
(epstopdf)             Output file: <convolve_22-eps-converted-to.pdf>
(epstopdf)                    date: 2025-03-18 00:05:25
(epstopdf)                    size: 139688 bytes
(epstopdf)             Command: <repstopdf --outfile=convolve_22-eps-converted-
to.pdf convolve_22.eps>
(epstopdf)             \includegraphics on input line 245.
Package epstopdf Info: Output file is already uptodate.
<convolve_22-eps-converted-to.pdf, id=109, 421.575pt x 316.18124pt>
File: convolve_22-eps-converted-to.pdf Graphic file (type pdf)
<use convolve_22-eps-converted-to.pdf>
Package pdftex.def Info: convolve_22-eps-converted-to.pdf  used on input line 2
45.
(pdftex.def)             Requested size: 227.6471pt x 170.73532pt.
 [9 <./convolve_11-eps-converted-to.pdf> <./convolve_22-eps-converted-to.pdf>]

LaTeX Warning: Citation `spitzer_principles_1964' on page 10 undefined on input
 line 285.


Underfull \hbox (badness 10000) in paragraph at lines 284--286

 []


LaTeX Warning: Citation `spitzer_principles_1964' on page 10 undefined on input
 line 289.


LaTeX Warning: Citation `mcdonald2005local' on page 10 undefined on input line 
289.

[10]
Package epstopdf Info: Source file: <SRW_ex.eps>
(epstopdf)                    date: 2021-05-17 22:38:46
(epstopdf)                    size: 20166 bytes
(epstopdf)             Output file: <SRW_ex-eps-converted-to.pdf>
(epstopdf)                    date: 2025-03-18 00:05:26
(epstopdf)                    size: 7301 bytes
(epstopdf)             Command: <repstopdf --outfile=SRW_ex-eps-converted-to.pd
f SRW_ex.eps>
(epstopdf)             \includegraphics on input line 328.
Package epstopdf Info: Output file is already uptodate.
<SRW_ex-eps-converted-to.pdf, id=141, 421.575pt x 316.18124pt>
File: SRW_ex-eps-converted-to.pdf Graphic file (type pdf)
<use SRW_ex-eps-converted-to.pdf>
Package pdftex.def Info: SRW_ex-eps-converted-to.pdf  used on input line 328.
(pdftex.def)             Requested size: 227.6471pt x 170.73532pt.
Package epstopdf Info: Source file: <SRW_ex_11.eps>
(epstopdf)                    date: 2021-05-17 22:38:46
(epstopdf)                    size: 25305 bytes
(epstopdf)             Output file: <SRW_ex_11-eps-converted-to.pdf>
(epstopdf)                    date: 2025-03-18 00:05:26
(epstopdf)                    size: 12948 bytes
(epstopdf)             Command: <repstopdf --outfile=SRW_ex_11-eps-converted-to
.pdf SRW_ex_11.eps>
(epstopdf)             \includegraphics on input line 333.
Package epstopdf Info: Output file is already uptodate.
<SRW_ex_11-eps-converted-to.pdf, id=142, 421.575pt x 316.18124pt>
File: SRW_ex_11-eps-converted-to.pdf Graphic file (type pdf)
<use SRW_ex_11-eps-converted-to.pdf>
Package pdftex.def Info: SRW_ex_11-eps-converted-to.pdf  used on input line 333
.
(pdftex.def)             Requested size: 227.6471pt x 170.73532pt.


LaTeX Warning: Citation `lachal2008first' on page 11 undefined on input line 34
5.


LaTeX Warning: Citation `randles_convolution_2015' on page 11 undefined on inpu
t line 346.


LaTeX Warning: Citation `randles_convolution_2017' on page 11 undefined on inpu
t line 346.


LaTeX Warning: Citation `diaconis_convolution_2014' on page 11 undefined on inp
ut line 346.

[11 <./SRW_ex-eps-converted-to.pdf> <./SRW_ex_11-eps-converted-to.pdf>]
Package epstopdf Info: Source file: <conv_ex0.eps>
(epstopdf)                    date: 2021-05-17 22:38:44
(epstopdf)                    size: 78741 bytes
(epstopdf)             Output file: <conv_ex0-eps-converted-to.pdf>
(epstopdf)                    date: 2025-03-18 00:05:27
(epstopdf)                    size: 76385 bytes
(epstopdf)             Command: <repstopdf --outfile=conv_ex0-eps-converted-to.
pdf conv_ex0.eps>
(epstopdf)             \includegraphics on input line 379.
Package epstopdf Info: Output file is already uptodate.
<conv_ex0-eps-converted-to.pdf, id=170, 421.575pt x 316.18124pt>
File: conv_ex0-eps-converted-to.pdf Graphic file (type pdf)
<use conv_ex0-eps-converted-to.pdf>
Package pdftex.def Info: conv_ex0-eps-converted-to.pdf  used on input line 379.

(pdftex.def)             Requested size: 227.6471pt x 170.73532pt.
Package epstopdf Info: Source file: <conv_ex1.eps>
(epstopdf)                    date: 2021-05-17 22:38:44
(epstopdf)                    size: 99997 bytes
(epstopdf)             Output file: <conv_ex1-eps-converted-to.pdf>
(epstopdf)                    date: 2025-03-18 00:05:27
(epstopdf)                    size: 103078 bytes
(epstopdf)             Command: <repstopdf --outfile=conv_ex1-eps-converted-to.
pdf conv_ex1.eps>
(epstopdf)             \includegraphics on input line 384.
Package epstopdf Info: Output file is already uptodate.
<conv_ex1-eps-converted-to.pdf, id=171, 421.575pt x 316.18124pt>
File: conv_ex1-eps-converted-to.pdf Graphic file (type pdf)
<use conv_ex1-eps-converted-to.pdf>
Package pdftex.def Info: conv_ex1-eps-converted-to.pdf  used on input line 384.

(pdftex.def)             Requested size: 227.6471pt x 170.73532pt.


LaTeX Warning: Citation `randles_convolution_2015' on page 12 undefined on inpu
t line 393.


LaTeX Warning: Citation `randles_convolution_2017' on page 12 undefined on inpu
t line 393.


LaTeX Warning: Citation `diaconis_convolution_2014' on page 12 undefined on inp
ut line 393.


LaTeX Warning: Citation `randles_convolution_2015' on page 12 undefined on inpu
t line 393.


LaTeX Warning: Citation `randles_convolution_2015' on page 12 undefined on inpu
t line 393.


LaTeX Warning: Citation `randles_convolution_2017' on page 12 undefined on inpu
t line 393.


LaTeX Warning: Citation `randles_convolution_2017' on page 12 undefined on inpu
t line 393.


Underfull \hbox (badness 10000) in paragraph at lines 393--394

 []

[12 <./conv_ex0-eps-converted-to.pdf> <./conv_ex1-eps-converted-to.pdf>]

LaTeX Warning: Citation `randles_convolution_2015' on page 13 undefined on inpu
t line 397.


LaTeX Warning: Citation `randles_convolution_2015' on page 13 undefined on inpu
t line 401.


LaTeX Warning: Citation `randles_convolution_2017' on page 13 undefined on inpu
t line 410.


LaTeX Warning: Citation `randles_convolution_2017' on page 13 undefined on inpu
t line 410.


LaTeX Warning: Citation `randles_convolution_2017' on page 13 undefined on inpu
t line 410.


LaTeX Warning: Citation `randles_convolution_2017' on page 13 undefined on inpu
t line 413.


LaTeX Warning: Citation `randles_convolution_2015' on page 13 undefined on inpu
t line 422.

[13] [14]
Chapter 2.
[15

]

LaTeX Warning: Reference `prop:PositiveHomogeneousCharacterization' on page 16 
undefined on input line 492.


LaTeX Warning: Reference `prop:ContractingCapturesCompact' on page 16 undefined
 on input line 492.

[16] [17] [18

]
Chapter 3.
[19] [20

]
Chapter 4.
[21] [22

]
Chapter 5.

Package hyperref Warning: Token not allowed in a PDF string (Unicode):
(hyperref)                removing `math shift' on input line 578.


Package hyperref Warning: Token not allowed in a PDF string (Unicode):
(hyperref)                removing `superscript' on input line 578.


Package hyperref Warning: Token not allowed in a PDF string (Unicode):
(hyperref)                removing `math shift' on input line 578.


LaTeX Warning: Reference `thm:ConvolutionPowerEstimate' on page 23 undefined on
 input line 597.


LaTeX Warning: Citation `randles_convolution_2017' on page 23 undefined on inpu
t line 597.

[23] [24] [25] [26]

LaTeX Warning: Reference `thm:ConvolutionPowerEstimate' on page 27 undefined on
 input line 763.

Package epstopdf Info: Source file: <Fig5a.eps>
(epstopdf)                    date: 2021-05-17 22:38:46
(epstopdf)                    size: 20735 bytes
(epstopdf)             Output file: <Fig5a-eps-converted-to.pdf>
(epstopdf)                    date: 2025-03-18 00:05:34
(epstopdf)                    size: 7790 bytes
(epstopdf)             Command: <repstopdf --outfile=Fig5a-eps-converted-to.pdf
 Fig5a.eps>
(epstopdf)             \includegraphics on input line 773.
Package epstopdf Info: Output file is already uptodate.
<Fig5a-eps-converted-to.pdf, id=282, 421.575pt x 316.18124pt>
File: Fig5a-eps-converted-to.pdf Graphic file (type pdf)
<use Fig5a-eps-converted-to.pdf>
Package pdftex.def Info: Fig5a-eps-converted-to.pdf  used on input line 773.
(pdftex.def)             Requested size: 244.51366pt x 183.38524pt.

Overfull \hbox (14.33113pt too wide) in paragraph at lines 773--774
 [][] 
 []

Package epstopdf Info: Source file: <Fig5b.eps>
(epstopdf)                    date: 2021-05-17 22:38:46
(epstopdf)                    size: 23847 bytes
(epstopdf)             Output file: <Fig5b-eps-converted-to.pdf>
(epstopdf)                    date: 2025-03-18 00:05:34
(epstopdf)                    size: 11599 bytes
(epstopdf)             Command: <repstopdf --outfile=Fig5b-eps-converted-to.pdf
 Fig5b.eps>
(epstopdf)             \includegraphics on input line 778.
Package epstopdf Info: Output file is already uptodate.
<Fig5b-eps-converted-to.pdf, id=283, 421.575pt x 316.18124pt>
File: Fig5b-eps-converted-to.pdf Graphic file (type pdf)
<use Fig5b-eps-converted-to.pdf>
Package pdftex.def Info: Fig5b-eps-converted-to.pdf  used on input line 778.
(pdftex.def)             Requested size: 244.51366pt x 183.38524pt.

Overfull \hbox (14.33113pt too wide) in paragraph at lines 778--779
 [][] 
 []

Package epstopdf Info: Source file: <Fig6a.eps>
(epstopdf)                    date: 2021-05-17 22:38:46
(epstopdf)                    size: 79113 bytes
(epstopdf)             Output file: <Fig6a-eps-converted-to.pdf>
(epstopdf)                    date: 2025-03-18 00:05:35
(epstopdf)                    size: 93545 bytes
(epstopdf)             Command: <repstopdf --outfile=Fig6a-eps-converted-to.pdf
 Fig6a.eps>
(epstopdf)             \includegraphics on input line 789.
Package epstopdf Info: Output file is already uptodate.
<Fig6a-eps-converted-to.pdf, id=284, 421.575pt x 316.18124pt>
File: Fig6a-eps-converted-to.pdf Graphic file (type pdf)
<use Fig6a-eps-converted-to.pdf>
Package pdftex.def Info: Fig6a-eps-converted-to.pdf  used on input line 789.
(pdftex.def)             Requested size: 244.51366pt x 183.38524pt.

Overfull \hbox (14.33113pt too wide) in paragraph at lines 789--790
 [][] 
 []

Package epstopdf Info: Source file: <Fig6b.eps>
(epstopdf)                    date: 2021-05-17 22:38:46
(epstopdf)                    size: 120587 bytes
(epstopdf)             Output file: <Fig6b-eps-converted-to.pdf>
(epstopdf)                    date: 2025-03-18 00:05:35
(epstopdf)                    size: 111769 bytes
(epstopdf)             Command: <repstopdf --outfile=Fig6b-eps-converted-to.pdf
 Fig6b.eps>
(epstopdf)             \includegraphics on input line 795.
Package epstopdf Info: Output file is already uptodate.
<Fig6b-eps-converted-to.pdf, id=285, 421.575pt x 316.18124pt>
File: Fig6b-eps-converted-to.pdf Graphic file (type pdf)
<use Fig6b-eps-converted-to.pdf>
Package pdftex.def Info: Fig6b-eps-converted-to.pdf  used on input line 795.
(pdftex.def)             Requested size: 244.51366pt x 183.38524pt.

Overfull \hbox (14.33113pt too wide) in paragraph at lines 795--796
 [][] 
 []

[27 <./Fig5a-eps-converted-to.pdf> <./Fig5b-eps-converted-to.pdf>] [28 <./Fig6a
-eps-converted-to.pdf> <./Fig6b-eps-converted-to.pdf>]
Chapter 6.
No file _BUI_MathThesis_2021.bbl.
[29

] (./_BUI_MathThesis_2021.aux)

LaTeX Warning: There were undefined references.

Package rerunfilecheck Info: File `_BUI_MathThesis_2021.out' has not changed.
(rerunfilecheck)             Checksum: BD06D11C6991C235524F443BA44F7C1A;2370.
 ) 
Here is how much of TeX's memory you used:
 15295 strings out of 476025
 249489 string characters out of 5790017
 1869388 words of memory out of 5000000
 35401 multiletter control sequences out of 15000+600000
 546683 words of font info for 139 fonts, out of 8000000 for 9000
 1141 hyphenation exceptions out of 8191
 75i,16n,77p,1657b,727s stack positions out of 10000i,1000n,20000p,200000b,200000s
</usr/local/texlive/2023/texmf-dist/fonts/type1/public/amsfonts/cm/cmbx10.pfb
></usr/local/texlive/2023/texmf-dist/fonts/type1/public/amsfonts/cm/cmbx8.pfb><
/usr/local/texlive/2023/texmf-dist/fonts/type1/public/amsfonts/cm/cmex10.pfb></
usr/local/texlive/2023/texmf-dist/fonts/type1/public/amsfonts/cm/cmmi10.pfb></u
sr/local/texlive/2023/texmf-dist/fonts/type1/public/amsfonts/cm/cmmi12.pfb></us
r/local/texlive/2023/texmf-dist/fonts/type1/public/amsfonts/cm/cmmi6.pfb></usr/
local/texlive/2023/texmf-dist/fonts/type1/public/amsfonts/cm/cmmi7.pfb></usr/lo
cal/texlive/2023/texmf-dist/fonts/type1/public/amsfonts/cm/cmmi8.pfb></usr/loca
l/texlive/2023/texmf-dist/fonts/type1/public/amsfonts/cm/cmmi9.pfb></usr/local/
texlive/2023/texmf-dist/fonts/type1/public/amsfonts/cm/cmr10.pfb></usr/local/te
xlive/2023/texmf-dist/fonts/type1/public/amsfonts/cm/cmr6.pfb></usr/local/texli
ve/2023/texmf-dist/fonts/type1/public/amsfonts/cm/cmr7.pfb></usr/local/texlive/
2023/texmf-dist/fonts/type1/public/amsfonts/cm/cmr8.pfb></usr/local/texlive/202
3/texmf-dist/fonts/type1/public/amsfonts/cm/cmr9.pfb></usr/local/texlive/2023/t
exmf-dist/fonts/type1/public/amsfonts/cm/cmsy10.pfb></usr/local/texlive/2023/te
xmf-dist/fonts/type1/public/amsfonts/cm/cmsy7.pfb></usr/local/texlive/2023/texm
f-dist/fonts/type1/public/amsfonts/cm/cmsy8.pfb></usr/local/texlive/2023/texmf-
dist/fonts/type1/public/amsfonts/symbols/msbm10.pfb></usr/local/texlive/2023/te
xmf-dist/fonts/type1/urw/palatino/uplb8a.pfb></usr/local/texlive/2023/texmf-dis
t/fonts/type1/urw/palatino/uplbi8a.pfb></usr/local/texlive/2023/texmf-dist/font
s/type1/urw/palatino/uplr8a.pfb></usr/local/texlive/2023/texmf-dist/fonts/type1
/urw/palatino/uplr8a.pfb></usr/local/texlive/2023/texmf-dist/fonts/type1/urw/pa
latino/uplri8a.pfb>
Output written on _BUI_MathThesis_2021.pdf (29 pages, 967972 bytes).
PDF statistics:
 439 PDF objects out of 1000 (max. 8388607)
 319 compressed objects within 4 object streams
 75 named destinations out of 1000 (max. 500000)
 131 words of extra memory for PDF output out of 10000 (max. 10000000)

